// Jest Snapshot v1, https://goo.gl/fbAQLP

exports[`Test in <GifGridItem/> component should show the GifGridItem component 1`] = `
<div
  className="card"
>
  <img
    alt="Demo title"
    src="https://via.placeholder.com/150"
  />
  <p>
    Demo title
  </p>
</div>
`;
