// Jest Snapshot v1, https://goo.gl/fbAQLP

exports[`Test in <GifGrid /> component should show the GifGrid component 1`] = `
<Fragment>
  <h3>
    Rick and Morty
  </h3>
  <p
    className="card-grid animate__animated animate__flash"
  >
    Loading
  </p>
  <div
    className="card-grid animate__animated animate__fadeIn"
  />
</Fragment>
`;
